[jolingo.fun/index.html]
[backblue.gif]
[fade.gif]
[index.html]
[jolingo.fun/load/css/jquery.js]
[jolingo.fun/load/css/table.css]
[jolingo.fun/load/css/style_cab5445.css]
[jolingo.fun/load/img/favicon.ico]
[jolingo.fun/load/icons/css/fontawesome.css]
[jolingo.fun/load/icons/css/brands.css]
[jolingo.fun/load/icons/css/solid.css]
[jolingo.fun/load/font/Roboto-Regular.ttf]
[jolingo.fun/load/font/firenight/Firenight-Regular.ttf]
[jolingo.fun/load/img/logo.png]
[jolingo.fun/dep/calc/ui.css]
[jolingo.fun/dep/calc/jquery.js]
[jolingo.fun/dep/calc/ui.js]
[jolingo.fun/dep/img/polz2.png]
[www.google.com/recaptcha/api.js]
[jolingo.fun/load/img/ps/pay/payeer.png]
[jolingo.fun/load/img/ps/logo/payeer.png]
[jolingo.fun/index.html]
[jolingo.fun/load/css/table.css]
[jolingo.fun/indexdea1.html]
[jolingo.fun/load/css/style_cab5445.css]
[jolingo.fun/index31c0.html]
[jolingo.fun/index7dad.html]
[jolingo.fun/load/icons/css/fontawesome.css]
[jolingo.fun/index173e.html]
[jolingo.fun/index3e1c.html]
[jolingo.fun/load/icons/css/brands.css]
[jolingo.fun/load/icons/webfonts/fa-brands-400.ttf]
[jolingo.fun/load/icons/css/solid.css]
[jolingo.fun/dep/calc/ui.css]
[jolingo.fun/indexdea1.html]
[jolingo.fun/index3e1c.html]
[jolingo.fun/index31c0.html]
[jolingo.fun/cdn-cgi/l/email-protection.html]
[jolingo.fun/index7dad.html]
[jolingo.fun/index173e.html]
[jolingo.fun/load/icons/webfonts/fa-brands-400.html]
[jolingo.fun/load/icons/webfonts/fa-solid-900.html]
[jolingo.fun/cdn-cgi/scripts/5c5dd728/cloudflare-static/email-decode.min.js]
[jolingo.fun/load/icons/webfonts/fa-solid-900.ttf]
[jolingo.fun/index14d3.html]
[jolingo.fun/load/cap/image4987.gif]
[jolingo.fun/load/cap/image5445.gif]
[jolingo.fun/index14d3.html]
[jolingo.fun/cdn-cgi/l/email-protection.html]
